HI-TECH Software C Compiler 

Linker command line:

--edf=C:\Program Files\HI-TECH Software\PICC\9.83\dat\en_msgs.txt -cs \
  -h+PWM USING PWM.sym -z -Q16F877A -ol.obj -MPWM USING PWM.map -E1 \
  -ACONST=00h-0FFhx32 -ACODE=00h-07FFhx4 -ASTRCODE=00h-01FFFh \
  -AENTRY=00h-0FFhx32 -ASTRING=00h-0FFhx32 -ABANK0=020h-06Fh \
  -ABANK1=0A0h-0EFh -ABANK2=0110h-016Fh -ABANK3=0190h-01EFh \
  -ARAM=020h-06Fh,0A0h-0EFh,0110h-016Fh,0190h-01EFh \
  -AABS1=020h-07Fh,0A0h-0EFh,0110h-016Fh,0190h-01EFh -ACOMMON=070h-07Fh \
  -ASFR0=00h-01Fh -ASFR1=080h-09Fh -ASFR2=0100h-010Fh -ASFR3=0180h-018Fh \
  -preset_vec=00h,intentry,init,end_init -ppowerup=CODE -pfunctab=CODE \
  -ACONFIG=02007h-02007h -pconfig=CONFIG -DCONFIG=2 -AIDLOC=02000h-02003h \
  -pidloc=IDLOC -DIDLOC=2 -AEEDATA=00h-0FFh/02100h -peeprom_data=EEDATA \
  -DEEDATA=2 -DCODE=2 -DSTRCODE=2 -DSTRING=2 -DCONST=2 -DENTRY=2 -k \
  startup.obj PWM USING PWM.obj 

Object code version is 3.10

Machine type is 16F877A



                Name                               Link     Load   Length Selector   Space Scale
startup.obj     end_init                              0        0        3        0       0
PWM USING PWM.obj
                config                             2007     2007        1     400E       0
                text226                             50E      50E        B      A1C       0
                text225                             61E      61E       74      C3C       0
                text224                             5B8      5B8       66      B70       0
                text223                             55A      55A       2F      AB4       0
                text222                             589      589       2F      B12       0
                text221                             539      539       21      A72       0
                text220                             526      526       13      A4C       0
                text219                             692      692       B5      D24       0
                maintext                            747      747       B9      E8E       0
                cstackBANK0                          30       30        A       20       1
                cstackCOMMON                         70       70        E       70       1
                clrtext                             506      506        8      A0C       0
                bssBANK0                             20       20       10       20       1
                cinit                               519      519        D      A32       0
                strings                               3        3       1A        6       0

TOTAL           Name                               Link     Load   Length     Space
        CLASS   CONST          

        CLASS   CODE           
                end_init                              0        0        3         0
                text226                             50E      50E        B         0
                text225                             61E      61E       74         0
                text224                             5B8      5B8       66         0
                text223                             55A      55A       2F         0
                text222                             589      589       2F         0
                text221                             539      539       21         0
                text220                             526      526       13         0
                text219                             692      692       B5         0
                maintext                            747      747       B9         0
                clrtext                             506      506        8         0
                cinit                               519      519        D         0

        CLASS   STRCODE        

        CLASS   ENTRY          

        CLASS   STRING         
                strings                               3        3       1A         0

        CLASS   BANK0          
                cstackBANK0                          30       30        A         1
                bssBANK0                             20       20       10         1

        CLASS   BANK1          

        CLASS   BANK2          

        CLASS   BANK3          

        CLASS   RAM            

        CLASS   ABS1           
                abs_s1                               7E       7E        2         1

        CLASS   COMMON         
                cstackCOMMON                         70       70        E         1

        CLASS   SFR0           

        CLASS   SFR1           

        CLASS   SFR2           

        CLASS   SFR3           

        CLASS   CONFIG         
                config                             2007     2007        1         0

        CLASS   IDLOC          

        CLASS   EEDATA         



SEGMENTS        Name                           Load    Length   Top    Selector   Space  Class     Delta

                reset_vec                      000000  000003  000003         0       0  CODE        2
                strings                        000003  00001A  00001D         6       0  STRING      2
                bssBANK0                       000020  00001A  00003A        20       1  BANK0       1
                cstackCOMMON                   000070  00000E  00007E        70       1  COMMON      1
                clrtext                        000506  000008  00050E       A0C       0  CODE        2
                text226                        00050E  00000B  000519       A1C       0  CODE        2
                cinit                          000519  00000D  000526       A32       0  CODE        2
                text220                        000526  000013  000539       A4C       0  CODE        2
                text221                        000539  000021  00055A       A72       0  CODE        2
                text223                        00055A  00002F  000589       AB4       0  CODE        2
                text222                        000589  00002F  0005B8       B12       0  CODE        2
                text224                        0005B8  000066  00061E       B70       0  CODE        2
                text225                        00061E  000074  000692       C3C       0  CODE        2
                text219                        000692  0000B5  000747       D24       0  CODE        2
                maintext                       000747  0000B9  000800       E8E       0  CODE        2
                config                         002007  000001  002008      400E       0  CONFIG      2


UNUSED ADDRESS RANGES

        Name                Unused          Largest block    Delta
        BANK0            003A-006F             36           1
        BANK1            00A0-00EF             50           1
        BANK2            0110-016F             60           1
        BANK3            0190-01EF             60           1
        CODE             001D-0505            4E9           2
                         0800-1FFF            800
        CONST            001D-0505            100           2
                         0800-1FFF            100
        EEDATA           2100-21FF            100           2
        ENTRY            001D-0505            100           2
                         0800-1FFF            100
        IDLOC            2000-2003              4           2
        RAM              003A-006F             36           1
                         00A0-00EF             50
                         0110-016F             60
                         0190-01EF             60
        SFR0             0000-001F             20           1
        SFR1             0080-009F             20           1
        SFR2             0100-010F             10           1
        SFR3             0180-018F             10           1
        STRCODE          001D-0505            4E9           2
                         0800-1FFF           1800
        STRING           001D-0505            100           2
                         0800-1FFF            100

                                  Symbol Table

??_Lcd_Command              cstackCOMMON 0070
??_Lcd_Data                 cstackCOMMON 0070
??_Lcd_Intialization        cstackCOMMON 0073
??_Lcd_String               cstackCOMMON 0073
??___awdiv                  cstackCOMMON 0074
??___awmod                  cstackCOMMON 0074
??_divider                  cstackCOMMON 007B
??_main                     cstackCOMMON 007B
??_pluse                    cstackCOMMON 0072
?_Lcd_Command               cstackCOMMON 0070
?_Lcd_Data                  cstackCOMMON 0070
?_Lcd_Intialization         cstackCOMMON 0070
?_Lcd_String                cstackCOMMON 0070
?___awdiv                   cstackCOMMON 0070
?___awmod                   cstackCOMMON 0070
?_divider                   cstackCOMMON 0079
?_main                      cstackCOMMON 0070
?_pluse                     cstackCOMMON 0070
Lcd_Command@cmd             cstackCOMMON 0072
Lcd_Data@Data               cstackCOMMON 0072
Lcd_String@Str              cstackCOMMON 0074
_ADCON0                     (abs)        001F
_ADCON1                     (abs)        009F
_ADRESH                     (abs)        001E
_ADRESL                     (abs)        009E
_CARRY                      (abs)        0018
_CCP1CON                    (abs)        0017
_CCPR1H                     (abs)        0016
_CCPR1L                     (abs)        0015
_EEADR                      (abs)        010D
_EECON1                     (abs)        018C
_EECON2                     (abs)        018D
_EEDATA                     (abs)        010C
_GIE                        (abs)        005F
_Lcd_Command                text223      055A
_Lcd_Data                   text222      0589
_Lcd_Intialization          text220      0526
_Lcd_String                 text221      0539
_PORTA                      (abs)        0005
_PORTC                      (abs)        0007
_PORTD                      (abs)        0008
_RD                         (abs)        0C60
_RD2                        (abs)        0042
_RD3                        (abs)        0043
_T2CON                      (abs)        0012
_TMR2                       (abs)        0011
_TRISA                      (abs)        0085
_TRISC                      (abs)        0087
_TRISD                      (abs)        0088
_WR                         (abs)        0C61
_WREN                       (abs)        0C62
__Habs1                     abs1         0000
__Hbank0                    bank0        0000
__Hbank1                    bank1        0000
__Hbank2                    bank2        0000
__Hbank3                    bank3        0000
__HbssBANK0                 bssBANK0     0000
__Hcinit                    cinit        0000
__Hclrtext                  clrtext      0000
__Hcode                     code         0000
__Hcommon                   common       0000
__Hconfig                   config       2008
__HcstackBANK0              cstackBANK0  0000
__HcstackCOMMON             cstackCOMMON 0000
__Heeprom_data              eeprom_data  0000
__Hend_init                 end_init     0003
__Hfunctab                  functab      0000
__Hidloc                    idloc        0000
__Hinit                     init         0000
__Hintentry                 intentry     0000
__Hmaintext                 maintext     0000
__Hpowerup                  powerup      0000
__Hram                      ram          0000
__Hreset_vec                reset_vec    0000
__Hsfr0                     sfr0         0000
__Hsfr1                     sfr1         0000
__Hsfr2                     sfr2         0000
__Hsfr3                     sfr3         0000
__Hstrings                  strings      0000
__Htext                     text         0000
__Labs1                     abs1         0000
__Lbank0                    bank0        0000
__Lbank1                    bank1        0000
__Lbank2                    bank2        0000
__Lbank3                    bank3        0000
__LbssBANK0                 bssBANK0     0000
__Lcinit                    cinit        0000
__Lclrtext                  clrtext      0000
__Lcode                     code         0000
__Lcommon                   common       0000
__Lconfig                   config       2007
__LcstackBANK0              cstackBANK0  0000
__LcstackCOMMON             cstackCOMMON 0000
__Leeprom_data              eeprom_data  0000
__Lend_init                 end_init     0000
__Lfunctab                  functab      0000
__Lidloc                    idloc        0000
__Linit                     init         0000
__Lintentry                 intentry     0000
__Lmaintext                 maintext     0000
__Lpowerup                  powerup      0000
__Lram                      ram          0000
__Lreset_vec                reset_vec    0000
__Lsfr0                     sfr0         0000
__Lsfr1                     sfr1         0000
__Lsfr2                     sfr2         0000
__Lsfr3                     sfr3         0000
__Lstrings                  strings      0000
__Ltext                     text         0000
__S0                        (abs)        2008
__S1                        (abs)        007E
__S2                        (abs)        0000
___awdiv                    text225      061E
___awdiv@counter            cstackCOMMON 0075
___awdiv@dividend           cstackCOMMON 0072
___awdiv@divisor            cstackCOMMON 0070
___awdiv@quotient           cstackCOMMON 0077
___awdiv@sign               cstackCOMMON 0076
___awmod                    text224      05B8
___awmod@counter            cstackCOMMON 0075
___awmod@dividend           cstackCOMMON 0072
___awmod@divisor            cstackCOMMON 0070
___awmod@sign               cstackCOMMON 0076
__end_of_Lcd_Command        text223      0589
__end_of_Lcd_Data           text222      05B8
__end_of_Lcd_Intialization  text220      0539
__end_of_Lcd_String         text221      055A
__end_of___awdiv            text225      0692
__end_of___awmod            text224      061E
__end_of_divider            text219      0747
__end_of_main               maintext     0800
__end_of_pluse              text226      0519
__pbssBANK0                 bssBANK0     0020
__pcstackBANK0              cstackBANK0  0030
__pcstackCOMMON             cstackCOMMON 0070
__pmaintext                 maintext     0747
__pstrings                  strings      0003
__ptext218                  text218      0000
__ptext219                  text219      0692
__ptext220                  text220      0526
__ptext221                  text221      0539
__ptext222                  text222      0589
__ptext223                  text223      055A
__ptext224                  text224      05B8
__ptext225                  text225      061E
__ptext226                  text226      050E
__ptext227                  text227      0000
__size_of_Lcd_Command       (abs)        0000
__size_of_Lcd_Data          (abs)        0000
__size_of_Lcd_Intialization (abs)        0000
__size_of_Lcd_String        (abs)        0000
__size_of___awdiv           (abs)        0000
__size_of___awmod           (abs)        0000
__size_of_divider           (abs)        0000
__size_of_main              (abs)        0000
__size_of_pluse             (abs)        0000
_a                          bssBANK0     0020
_b                          bssBANK0     0022
_c                          bssBANK0     0024
_d                          bssBANK0     0026
_divider                    text219      0692
_exit                       init         0000
_m                          bssBANK0     0028
_main                       maintext     0747
_pluse                      text226      050E
_temp1                      bssBANK0     002A
_temp2                      bssBANK0     002C
_v                          bssBANK0     002E
btemp                       (abs)        007E
clear_ram                   clrtext      0506
divider@Dig1                cstackBANK0  0030
divider@Dig2                cstackBANK0  0032
divider@Dig3                cstackBANK0  0034
divider@Dig4                cstackBANK0  0036
divider@Temp                cstackBANK0  0038
divider@x                   cstackCOMMON 0079
end_of_initialization       cinit        0522
intlevel0                   functab      0000
intlevel1                   functab      0000
intlevel2                   functab      0000
intlevel3                   functab      0000
intlevel4                   functab      0000
intlevel5                   functab      0000
pluse@Temp                  cstackCOMMON 0072
pluse@x                     cstackCOMMON 0070
reset_vec                   reset_vec    0000
start                       init         0000
start_initialization        cinit        0519
wtemp0                      (abs)        007E
